[pixinvent.com/apex-angular-4-bootstrap-admin-template/html-demo-5/index.html]
[backblue.gif]
[fade.gif]
[index.html]
[pixinvent.com/apex-angular-4-bootstrap-admin-template/html-demo-5/app-assets/img/ico/apple-icon-60.png]
[pixinvent.com/apex-angular-4-bootstrap-admin-template/html-demo-5/app-assets/img/ico/apple-icon-76.png]
[pixinvent.com/apex-angular-4-bootstrap-admin-template/html-demo-5/app-assets/img/ico/apple-icon-120.png]
[pixinvent.com/apex-angular-4-bootstrap-admin-template/html-demo-5/app-assets/img/ico/apple-icon-152.png]
[pixinvent.com/apex-angular-4-bootstrap-admin-template/html-demo-5/app-assets/img/ico/favicon.ico]
[pixinvent.com/apex-angular-4-bootstrap-admin-template/html-demo-5/app-assets/img/ico/favicon-32.png]
[pixinvent.com/apex-angular-4-bootstrap-admin-template/html-demo-5/index-2.html]
[pixinvent.com/apex-angular-4-bootstrap-admin-template/html-demo-5/app-assets/img/logo-dark.png]
[pixinvent.com/apex-angular-4-bootstrap-admin-template/html-demo-5/dashboard1.html]
[pixinvent.com/apex-angular-4-bootstrap-admin-template/html-demo-5/dashboard2.html]
[pixinvent.com/apex-angular-4-bootstrap-admin-template/html-demo-5/color-palette.html]
[pixinvent.com/apex-angular-4-bootstrap-admin-template/html-demo-5/inbox.html]
[pixinvent.com/apex-angular-4-bootstrap-admin-template/html-demo-5/chat.html]
[pixinvent.com/apex-angular-4-bootstrap-admin-template/html-demo-5/taskboard.html]
[pixinvent.com/apex-angular-4-bootstrap-admin-template/html-demo-5/grids.html]
[pixinvent.com/apex-angular-4-bootstrap-admin-template/html-demo-5/typography.html]
[pixinvent.com/apex-angular-4-bootstrap-admin-template/html-demo-5/syntax-highlighter.html]
[pixinvent.com/apex-angular-4-bootstrap-admin-template/html-demo-5/helper-classes.html]
[pixinvent.com/apex-angular-4-bootstrap-admin-template/html-demo-5/text-utilities.html]
[pixinvent.com/apex-angular-4-bootstrap-admin-template/html-demo-5/feather.html]
[pixinvent.com/apex-angular-4-bootstrap-admin-template/html-demo-5/font-awesome.html]
[pixinvent.com/apex-angular-4-bootstrap-admin-template/html-demo-5/simple-line.html]
[pixinvent.com/apex-angular-4-bootstrap-admin-template/html-demo-5/components-lists.html]
[pixinvent.com/apex-angular-4-bootstrap-admin-template/html-demo-5/components-buttons.html]
[pixinvent.com/apex-angular-4-bootstrap-admin-template/html-demo-5/components-alerts.html]
[pixinvent.com/apex-angular-4-bootstrap-admin-template/html-demo-5/components-badges.html]
[pixinvent.com/apex-angular-4-bootstrap-admin-template/html-demo-5/components-dropdowns.html]
[pixinvent.com/apex-angular-4-bootstrap-admin-template/html-demo-5/components-media-objects.html]
[pixinvent.com/apex-angular-4-bootstrap-admin-template/html-demo-5/components-pagination.html]
[pixinvent.com/apex-angular-4-bootstrap-admin-template/html-demo-5/components-progress.html]
[pixinvent.com/apex-angular-4-bootstrap-admin-template/html-demo-5/components-modals.html]
[pixinvent.com/apex-angular-4-bootstrap-admin-template/html-demo-5/components-collapse.html]
[pixinvent.com/apex-angular-4-bootstrap-admin-template/html-demo-5/components-accordion.html]
[pixinvent.com/apex-angular-4-bootstrap-admin-template/html-demo-5/components-carousel.html]
[pixinvent.com/apex-angular-4-bootstrap-admin-template/html-demo-5/components-datepicker.html]
[pixinvent.com/apex-angular-4-bootstrap-admin-template/html-demo-5/components-popover.html]
[pixinvent.com/apex-angular-4-bootstrap-admin-template/html-demo-5/components-tabs.html]
[pixinvent.com/apex-angular-4-bootstrap-admin-template/html-demo-5/components-tooltip.html]
[pixinvent.com/apex-angular-4-bootstrap-admin-template/html-demo-5/sweet-alerts.html]
[pixinvent.com/apex-angular-4-bootstrap-admin-template/html-demo-5/toastr.html]
[pixinvent.com/apex-angular-4-bootstrap-admin-template/html-demo-5/nouislider.html]
[pixinvent.com/apex-angular-4-bootstrap-admin-template/html-demo-5/upload.html]
[pixinvent.com/apex-angular-4-bootstrap-admin-template/html-demo-5/editor.html]
[pixinvent.com/apex-angular-4-bootstrap-admin-template/html-demo-5/dragndrop.html]
[pixinvent.com/apex-angular-4-bootstrap-admin-template/html-demo-5/tour.html]
[pixinvent.com/apex-angular-4-bootstrap-admin-template/html-demo-5/image-cropper.html]
[pixinvent.com/apex-angular-4-bootstrap-admin-template/html-demo-5/tags-input.html]
[pixinvent.com/apex-angular-4-bootstrap-admin-template/html-demo-5/switch.html]
[pixinvent.com/apex-angular-4-bootstrap-admin-template/html-demo-5/inputs.html]
[pixinvent.com/apex-angular-4-bootstrap-admin-template/html-demo-5/input-groups.html]
[pixinvent.com/apex-angular-4-bootstrap-admin-template/html-demo-5/input-grid.html]
[pixinvent.com/apex-angular-4-bootstrap-admin-template/html-demo-5/basic-forms.html]
[pixinvent.com/apex-angular-4-bootstrap-admin-template/html-demo-5/horizontal-forms.html]
[pixinvent.com/apex-angular-4-bootstrap-admin-template/html-demo-5/hidden-labels.html]
[pixinvent.com/apex-angular-4-bootstrap-admin-template/html-demo-5/form-actions.html]
[pixinvent.com/apex-angular-4-bootstrap-admin-template/html-demo-5/bordered-forms.html]
[pixinvent.com/apex-angular-4-bootstrap-admin-template/html-demo-5/striped-rows.html]
[pixinvent.com/apex-angular-4-bootstrap-admin-template/html-demo-5/validation-forms.html]
[pixinvent.com/apex-angular-4-bootstrap-admin-template/html-demo-5/wizard-forms.html]
[pixinvent.com/apex-angular-4-bootstrap-admin-template/html-demo-5/regular-table.html]
[pixinvent.com/apex-angular-4-bootstrap-admin-template/html-demo-5/extended-table.html]
[pixinvent.com/apex-angular-4-bootstrap-admin-template/html-demo-5/dt-basic-initialization.html]
[pixinvent.com/apex-angular-4-bootstrap-admin-template/html-demo-5/dt-advanced-initialization.html]
[pixinvent.com/apex-angular-4-bootstrap-admin-template/html-demo-5/dt-styling.html]
[pixinvent.com/apex-angular-4-bootstrap-admin-template/html-demo-5/dt-data-sources.html]
[pixinvent.com/apex-angular-4-bootstrap-admin-template/html-demo-5/dt-api.html]
[pixinvent.com/apex-angular-4-bootstrap-admin-template/html-demo-5/basic-cards.html]
[pixinvent.com/apex-angular-4-bootstrap-admin-template/html-demo-5/advanced-cards.html]
[pixinvent.com/apex-angular-4-bootstrap-admin-template/html-demo-5/google-map.html]
[pixinvent.com/apex-angular-4-bootstrap-admin-template/html-demo-5/chartjs.html]
[pixinvent.com/apex-angular-4-bootstrap-admin-template/html-demo-5/chartist.html]
[pixinvent.com/apex-angular-4-bootstrap-admin-template/html-demo-5/calendar.html]
[pixinvent.com/apex-angular-4-bootstrap-admin-template/html-demo-5/forgot-password-page.html]
[pixinvent.com/apex-angular-4-bootstrap-admin-template/html-demo-5/horizontal-timeline-page.html]
[pixinvent.com/apex-angular-4-bootstrap-admin-template/html-demo-5/vertical-timeline-page.html]
[pixinvent.com/apex-angular-4-bootstrap-admin-template/html-demo-5/login-page.html]
[pixinvent.com/apex-angular-4-bootstrap-admin-template/html-demo-5/register-page.html]
[pixinvent.com/apex-angular-4-bootstrap-admin-template/html-demo-5/user-profile-page.html]
[pixinvent.com/apex-angular-4-bootstrap-admin-template/html-demo-5/lock-screen-page.html]
[pixinvent.com/apex-angular-4-bootstrap-admin-template/html-demo-5/invoice-page.html]
[pixinvent.com/apex-angular-4-bootstrap-admin-template/html-demo-5/error-page.html]
[pixinvent.com/apex-angular-4-bootstrap-admin-template/html-demo-5/coming-soon-page.html]
[pixinvent.com/apex-angular-4-bootstrap-admin-template/html-demo-5/maintenance-page.html]
[pixinvent.com/apex-angular-4-bootstrap-admin-template/html-demo-5/gallery-page.html]
[pixinvent.com/apex-angular-4-bootstrap-admin-template/html-demo-5/app-assets/img/flags/us.png]
[pixinvent.com/apex-angular-4-bootstrap-admin-template/html-demo-5/app-assets/img/flags/es.png]
[pixinvent.com/apex-angular-4-bootstrap-admin-template/html-demo-5/app-assets/img/flags/br.png]
[pixinvent.com/apex-angular-4-bootstrap-admin-template/html-demo-5/app-assets/img/flags/de.png]
[pixinvent.com/apex-angular-4-bootstrap-admin-template/html-demo-5/app-assets/img/elements/01.png]
[pixinvent.com/apex-angular-4-bootstrap-admin-template/html-demo-5/app-assets/img/elements/07.png]
[pixinvent.com/apex-angular-4-bootstrap-admin-template/html-demo-5/app-assets/img/elements/11.png]
[pixinvent.com/apex-angular-4-bootstrap-admin-template/html-demo-5/app-assets/img/elements/14.png]
[pixinvent.com/apex-angular-4-bootstrap-admin-template/html-demo-5/app-assets/img/portrait/small/avatar-s-12.png]
[pixinvent.com/apex-angular-4-bootstrap-admin-template/html-demo-5/app-assets/img/portrait/small/avatar-s-11.png]
[pixinvent.com/apex-angular-4-bootstrap-admin-template/html-demo-5/app-assets/img/portrait/small/avatar-s-3.png]
[pixinvent.com/apex-angular-4-bootstrap-admin-template/html-demo-5/app-assets/img/portrait/small/avatar-s-6.png]
[pixinvent.com/apex-angular-4-bootstrap-admin-template/html-demo-5/app-assets/img/portrait/small/avatar-s-18.png]
[pixinvent.com/apex-angular-4-bootstrap-admin-template/html-demo-5/app-assets/img/portrait/small/avatar-s-1.png]
[pixinvent.com/apex-angular-4-bootstrap-admin-template/html-demo-5/app-assets/img/portrait/small/avatar-s-2.png]
[pixinvent.com/apex-angular-4-bootstrap-admin-template/html-demo-5/app-assets/img/portrait/small/avatar-s-15.png]
[pixinvent.com/apex-angular-4-bootstrap-admin-template/html-demo-5/app-assets/img/portrait/small/avatar-s-19.png]
[pixinvent.com/apex-angular-4-bootstrap-admin-template/html-demo-5/app-assets/img/portrait/small/avatar-s-14.png]
[pixinvent.com/apex-angular-4-bootstrap-admin-template/html-demo-5/app-assets/img/portrait/small/avatar-s-13.png]
[pixinvent.com/apex-angular-4-bootstrap-admin-template/html-demo-5/app-assets/img/portrait/small/avatar-s-22.png]
[pixinvent.com/apex-angular-4-bootstrap-admin-template/html-demo-5/app-assets/img/portrait/small/avatar-s-9.png]
[pixinvent.com/apex-angular-4-bootstrap-admin-template/html-demo-5/app-assets/img/portrait/small/avatar-s-20.png]
[pixinvent.com/apex-angular-4-bootstrap-admin-template/html-demo-5/app-assets/img/sidebar-bg/01.jpg]
[pixinvent.com/apex-angular-4-bootstrap-admin-template/html-demo-5/app-assets/img/sidebar-bg/02.jpg]
[pixinvent.com/apex-angular-4-bootstrap-admin-template/html-demo-5/app-assets/img/sidebar-bg/03.jpg]
[pixinvent.com/apex-angular-4-bootstrap-admin-template/html-demo-5/app-assets/img/sidebar-bg/04.jpg]
[pixinvent.com/apex-angular-4-bootstrap-admin-template/html-demo-5/app-assets/img/sidebar-bg/05.jpg]
[pixinvent.com/apex-angular-4-bootstrap-admin-template/html-demo-5/app-assets/img/sidebar-bg/06.jpg]
[pixinvent.com/apex-angular-4-bootstrap-admin-template/html-demo-5/app-assets/vendors/js/core/jquery-3.2.1.min.js]
[pixinvent.com/apex-angular-4-bootstrap-admin-template/html-demo-5/app-assets/vendors/js/core/popper.min.js]
[pixinvent.com/apex-angular-4-bootstrap-admin-template/html-demo-5/app-assets/vendors/js/core/bootstrap.min.js]
[pixinvent.com/apex-angular-4-bootstrap-admin-template/html-demo-5/app-assets/vendors/js/perfect-scrollbar.jquery.min.js]
[pixinvent.com/apex-angular-4-bootstrap-admin-template/html-demo-5/app-assets/vendors/js/prism.min.js]
[pixinvent.com/apex-angular-4-bootstrap-admin-template/html-demo-5/app-assets/vendors/js/jquery.matchHeight-min.js]
[pixinvent.com/apex-angular-4-bootstrap-admin-template/html-demo-5/app-assets/vendors/js/screenfull.min.js]
[pixinvent.com/apex-angular-4-bootstrap-admin-template/html-demo-5/app-assets/vendors/js/pace/pace.min.js]
[pixinvent.com/apex-angular-4-bootstrap-admin-template/html-demo-5/app-assets/vendors/js/chartist.min.js]
[pixinvent.com/apex-angular-4-bootstrap-admin-template/html-demo-5/app-assets/js/app-sidebar.js]
[pixinvent.com/apex-angular-4-bootstrap-admin-template/html-demo-5/app-assets/js/notification-sidebar.js]
[pixinvent.com/apex-angular-4-bootstrap-admin-template/html-demo-5/app-assets/js/customizer.js]
[pixinvent.com/apex-angular-4-bootstrap-admin-template/html-demo-5/app-assets/js/dashboard1.js]
[pixinvent.com/apex-angular-4-bootstrap-admin-template/html-demo-5/index.html]
[pixinvent.com/apex-angular-4-bootstrap-admin-template/html-demo-5/app-assets/img/ico/apple-icon-60.html]
[pixinvent.com/apex-angular-4-bootstrap-admin-template/html-demo-5/app-assets/img/ico/apple-icon-76.html]
[pixinvent.com/apex-angular-4-bootstrap-admin-template/html-demo-5/app-assets/img/ico/apple-icon-120.html]
[pixinvent.com/apex-angular-4-bootstrap-admin-template/html-demo-5/app-assets/img/ico/apple-icon-152.html]
[pixinvent.com/apex-angular-4-bootstrap-admin-template/html-demo-5/app-assets/fonts/feather/fonts/feather2467.eot]
[pixinvent.com/apex-angular-4-bootstrap-admin-template/html-demo-5/app-assets/fonts/feather/fonts/feather2467.ttf]
[pixinvent.com/apex-angular-4-bootstrap-admin-template/html-demo-5/app-assets/fonts/feather/fonts/feather2467.woff]
[pixinvent.com/apex-angular-4-bootstrap-admin-template/html-demo-5/app-assets/fonts/feather/style.min.css]
[pixinvent.com/apex-angular-4-bootstrap-admin-template/html-demo-5/app-assets/fonts/simple-line-icons/fonts/Simple-Line-Icons.eot]
[pixinvent.com/apex-angular-4-bootstrap-admin-template/html-demo-5/app-assets/fonts/simple-line-icons/fonts/Simple-Line-Iconsd41d.eot]
[pixinvent.com/apex-angular-4-bootstrap-admin-template/html-demo-5/app-assets/fonts/simple-line-icons/fonts/Simple-Line-Icons.ttf]
[pixinvent.com/apex-angular-4-bootstrap-admin-template/html-demo-5/app-assets/fonts/simple-line-icons/style.css]
[pixinvent.com/apex-angular-4-bootstrap-admin-template/html-demo-5/app-assets/fonts/font-awesome/fonts/fontawesome-webfont3e6e.eot]
[pixinvent.com/apex-angular-4-bootstrap-admin-template/html-demo-5/app-assets/fonts/font-awesome/fonts/fontawesome-webfontd41d.eot]
[pixinvent.com/apex-angular-4-bootstrap-admin-template/html-demo-5/app-assets/fonts/font-awesome/css/font-awesome.min.css]
[pixinvent.com/apex-angular-4-bootstrap-admin-template/html-demo-5/app-assets/vendors/css/perfect-scrollbar.min.css]
[pixinvent.com/apex-angular-4-bootstrap-admin-template/html-demo-5/app-assets/vendors/css/prism.min.css]
[pixinvent.com/apex-angular-4-bootstrap-admin-template/html-demo-5/app-assets/vendors/css/chartist.min.css]
[pixinvent.com/apex-angular-4-bootstrap-admin-template/html-demo-5/app-assets/fonts/weathericons/weathericons-regular-webfont.eot]
[pixinvent.com/apex-angular-4-bootstrap-admin-template/html-demo-5/app-assets/fonts/weathericons/weathericons-regular-webfontd41d.eot]
[pixinvent.com/apex-angular-4-bootstrap-admin-template/html-demo-5/app-assets/fonts/weathericons/weathericons-regular-webfont.woff2]
[pixinvent.com/apex-angular-4-bootstrap-admin-template/html-demo-5/app-assets/fonts/weathericons/weathericons-regular-webfont.woff]
[pixinvent.com/apex-angular-4-bootstrap-admin-template/html-demo-5/app-assets/fonts/weathericons/weathericons-regular-webfont.ttf]
[pixinvent.com/apex-angular-4-bootstrap-admin-template/html-demo-5/app-assets/css/app.css]
[pixinvent.com/apex-angular-4-bootstrap-admin-template/html-demo-5/index-2.html]
[pixinvent.com/apex-angular-4-bootstrap-admin-template/html-demo-5/dashboard1.html]
[pixinvent.com/apex-angular-4-bootstrap-admin-template/html-demo-5/app-assets/img/photos/weather-1.jpg]
[pixinvent.com/apex-angular-4-bootstrap-admin-template/html-demo-5/app-assets/img/photos/17.jpg]
[pixinvent.com/apex-angular-4-bootstrap-admin-template/html-demo-5/app-assets/img/photos/13.jpg]
[pixinvent.com/apex-angular-4-bootstrap-admin-template/html-demo-5/app-assets/img/photos/12.jpg]
[pixinvent.com/apex-angular-4-bootstrap-admin-template/html-demo-5/app-assets/js/dashboard2.js]
[pixinvent.com/apex-angular-4-bootstrap-admin-template/html-demo-5/dashboard2.html]
[pixinvent.com/apex-angular-4-bootstrap-admin-template/html-demo-5/color-palette.html]
[pixinvent.com/apex-angular-4-bootstrap-admin-template/html-demo-5/app-assets/img/portrait/small/avatar-s-7.png]
[pixinvent.com/apex-angular-4-bootstrap-admin-template/html-demo-5/app-assets/img/portrait/small/avatar-s-5.png]
[pixinvent.com/apex-angular-4-bootstrap-admin-template/html-demo-5/app-assets/img/portrait/small/avatar-s-8.png]
[pixinvent.com/apex-angular-4-bootstrap-admin-template/html-demo-5/app-assets/img/portrait/small/avatar-s-10.png]
[pixinvent.com/apex-angular-4-bootstrap-admin-template/html-demo-5/inbox.html]
[pixinvent.com/apex-angular-4-bootstrap-admin-template/html-demo-5/app-assets/js/inbox.js]
[pixinvent.com/apex-angular-4-bootstrap-admin-template/html-demo-5/app-assets/img/portrait/small/avatar-s-4.png]
[pixinvent.com/apex-angular-4-bootstrap-admin-template/html-demo-5/app-assets/js/chat.js]
[pixinvent.com/apex-angular-4-bootstrap-admin-template/html-demo-5/chat.html]
[pixinvent.com/apex-angular-4-bootstrap-admin-template/html-demo-5/app-assets/vendors/js/dragula.min.js]
[pixinvent.com/apex-angular-4-bootstrap-admin-template/html-demo-5/app-assets/js/taskboard.js]
[pixinvent.com/apex-angular-4-bootstrap-admin-template/html-demo-5/taskboard.html]
[pixinvent.com/apex-angular-4-bootstrap-admin-template/html-demo-5/grids.html]
[pixinvent.com/apex-angular-4-bootstrap-admin-template/html-demo-5/color-palettes]
[pixinvent.com/apex-angular-4-bootstrap-admin-template/html-demo-5/typography.html]
[pixinvent.com/apex-angular-4-bootstrap-admin-template/html-demo-5/syntax-highlighter.html]
[pixinvent.com/apex-angular-4-bootstrap-admin-template/html-demo-5/helper-classes.html]
[pixinvent.com/apex-angular-4-bootstrap-admin-template/html-demo-5/text-utilities.html]
[pixinvent.com/apex-angular-4-bootstrap-admin-template/html-demo-5/feather.html]
[pixinvent.com/apex-angular-4-bootstrap-admin-template/html-demo-5/font-awesome.html]
[pixinvent.com/apex-angular-4-bootstrap-admin-template/html-demo-5/simple-line.html]
[pixinvent.com/apex-angular-4-bootstrap-admin-template/html-demo-5/components-lists.html]
[pixinvent.com/apex-angular-4-bootstrap-admin-template/html-demo-5/components-buttons.html]
[pixinvent.com/apex-angular-4-bootstrap-admin-template/html-demo-5/components-alerts.html]
[pixinvent.com/apex-angular-4-bootstrap-admin-template/html-demo-5/components-badges.html]
[pixinvent.com/apex-angular-4-bootstrap-admin-template/html-demo-5/components-dropdowns.html]
[pixinvent.com/apex-angular-4-bootstrap-admin-template/html-demo-5/app-assets/img/portrait/small/avatar-s-24.png]
[pixinvent.com/apex-angular-4-bootstrap-admin-template/html-demo-5/components-media-objects.html]
[pixinvent.com/apex-angular-4-bootstrap-admin-template/html-demo-5/components-pagination.html]
[pixinvent.com/apex-angular-4-bootstrap-admin-template/html-demo-5/components-progress.html]
[pixinvent.com/apex-angular-4-bootstrap-admin-template/html-demo-5/app-assets/js/components-modal.min.js]
[pixinvent.com/apex-angular-4-bootstrap-admin-template/html-demo-5/components-modals.html]
[pixinvent.com/apex-angular-4-bootstrap-admin-template/html-demo-5/components-collapse.html]
[pixinvent.com/apex-angular-4-bootstrap-admin-template/html-demo-5/components-accordion.html]
[pixinvent.com/apex-angular-4-bootstrap-admin-template/html-demo-5/app-assets/img/photos/02.jpg]
[pixinvent.com/apex-angular-4-bootstrap-admin-template/html-demo-5/app-assets/img/photos/03.jpg]
[pixinvent.com/apex-angular-4-bootstrap-admin-template/html-demo-5/app-assets/img/photos/01.jpg]
[pixinvent.com/apex-angular-4-bootstrap-admin-template/html-demo-5/app-assets/img/photos/06.jpg]
[pixinvent.com/apex-angular-4-bootstrap-admin-template/html-demo-5/app-assets/img/photos/08.jpg]
[pixinvent.com/apex-angular-4-bootstrap-admin-template/html-demo-5/app-assets/img/photos/05.jpg]
[pixinvent.com/apex-angular-4-bootstrap-admin-template/html-demo-5/app-assets/img/photos/10.jpg]
[pixinvent.com/apex-angular-4-bootstrap-admin-template/html-demo-5/app-assets/img/photos/04.jpg]
[pixinvent.com/apex-angular-4-bootstrap-admin-template/html-demo-5/app-assets/img/photos/09.jpg]
[pixinvent.com/apex-angular-4-bootstrap-admin-template/html-demo-5/app-assets/img/photos/07.jpg]
[pixinvent.com/apex-angular-4-bootstrap-admin-template/html-demo-5/app-assets/img/photos/11.jpg]
[pixinvent.com/apex-angular-4-bootstrap-admin-template/html-demo-5/components-carousel.html]
[pixinvent.com/apex-angular-4-bootstrap-admin-template/html-demo-5/app-assets/vendors/js/pickadate/picker.js]
[pixinvent.com/apex-angular-4-bootstrap-admin-template/html-demo-5/app-assets/vendors/js/pickadate/picker.date.js]
[pixinvent.com/apex-angular-4-bootstrap-admin-template/html-demo-5/app-assets/vendors/js/pickadate/picker.time.js]
[pixinvent.com/apex-angular-4-bootstrap-admin-template/html-demo-5/app-assets/vendors/js/pickadate/legacy.js]
[pixinvent.com/apex-angular-4-bootstrap-admin-template/html-demo-5/app-assets/js/pick-a-datetime.js]
[pixinvent.com/apex-angular-4-bootstrap-admin-template/html-demo-5/components-datepicker.html]
[pixinvent.com/apex-angular-4-bootstrap-admin-template/html-demo-5/app-assets/js/popover.js]
[pixinvent.com/apex-angular-4-bootstrap-admin-template/html-demo-5/components-popover.html]
[pixinvent.com/apex-angular-4-bootstrap-admin-template/html-demo-5/components-tabs.html]
[pixinvent.com/apex-angular-4-bootstrap-admin-template/html-demo-5/app-assets/js/tooltip.js]
[pixinvent.com/apex-angular-4-bootstrap-admin-template/html-demo-5/components-tooltip.html]
[pixinvent.com/apex-angular-4-bootstrap-admin-template/html-demo-5/app-assets/vendors/js/sweetalert2.min.js]
[pixinvent.com/apex-angular-4-bootstrap-admin-template/html-demo-5/sweet-alerts.html]
[pixinvent.com/apex-angular-4-bootstrap-admin-template/html-demo-5/app-assets/js/sweet-alerts.js]
[pixinvent.com/apex-angular-4-bootstrap-admin-template/html-demo-5/app-assets/vendors/js/toastr.min.js]
[pixinvent.com/apex-angular-4-bootstrap-admin-template/html-demo-5/app-assets/js/toastr.min.js]
[pixinvent.com/apex-angular-4-bootstrap-admin-template/html-demo-5/toastr.html]
[pixinvent.com/apex-angular-4-bootstrap-admin-template/html-demo-5/app-assets/vendors/js/wNumb.js]
[pixinvent.com/apex-angular-4-bootstrap-admin-template/html-demo-5/app-assets/vendors/js/nouislider.min.js]
[pixinvent.com/apex-angular-4-bootstrap-admin-template/html-demo-5/app-assets/js/noui-slider.js]
[pixinvent.com/apex-angular-4-bootstrap-admin-template/html-demo-5/nouislider.html]
[pixinvent.com/apex-angular-4-bootstrap-admin-template/html-demo-5/app-assets/css/plugins/file-uploaders/dropzone.css]
[pixinvent.com/apex-angular-4-bootstrap-admin-template/html-demo-5/app-assets/vendors/js/dropzone.min.js]
[pixinvent.com/apex-angular-4-bootstrap-admin-template/html-demo-5/app-assets/js/dropzone.js]
[pixinvent.com/apex-angular-4-bootstrap-admin-template/html-demo-5/upload.html]
[pixinvent.com/apex-angular-4-bootstrap-admin-template/html-demo-5/app-assets/vendors/js/katex.min.js]
[pixinvent.com/apex-angular-4-bootstrap-admin-template/html-demo-5/app-assets/vendors/js/highlight.min.js]
[pixinvent.com/apex-angular-4-bootstrap-admin-template/html-demo-5/app-assets/vendors/js/quill.min.js]
[pixinvent.com/apex-angular-4-bootstrap-admin-template/html-demo-5/app-assets/js/quill.min.js]
[pixinvent.com/apex-angular-4-bootstrap-admin-template/html-demo-5/editor.html]
[pixinvent.com/apex-angular-4-bootstrap-admin-template/html-demo-5/app-assets/js/draggable.js]
[pixinvent.com/apex-angular-4-bootstrap-admin-template/html-demo-5/dragndrop.html]
[pixinvent.com/apex-angular-4-bootstrap-admin-template/html-demo-5/app-assets/vendors/js/hopscotch.min.js]
[pixinvent.com/apex-angular-4-bootstrap-admin-template/html-demo-5/app-assets/js/tour.min.js]
[pixinvent.com/apex-angular-4-bootstrap-admin-template/html-demo-5/tour.html]
[pixinvent.com/apex-angular-4-bootstrap-admin-template/html-demo-5/app-assets/img/crop-pic.jpg]
[pixinvent.com/apex-angular-4-bootstrap-admin-template/html-demo-5/app-assets/img/gallery/1.jpg]
[pixinvent.com/apex-angular-4-bootstrap-admin-template/html-demo-5/app-assets/img/gallery/5.jpg]
[pixinvent.com/apex-angular-4-bootstrap-admin-template/html-demo-5/app-assets/img/gallery/15.jpg]
[pixinvent.com/apex-angular-4-bootstrap-admin-template/html-demo-5/app-assets/img/gallery/14.jpg]
[pixinvent.com/apex-angular-4-bootstrap-admin-template/html-demo-5/app-assets/img/gallery/3.jpg]
[pixinvent.com/apex-angular-4-bootstrap-admin-template/html-demo-5/app-assets/img/gallery/33.jpg]
[pixinvent.com/apex-angular-4-bootstrap-admin-template/html-demo-5/app-assets/img/gallery/7.jpg]
[pixinvent.com/apex-angular-4-bootstrap-admin-template/html-demo-5/app-assets/img/gallery/28.jpg]
[pixinvent.com/apex-angular-4-bootstrap-admin-template/html-demo-5/app-assets/img/gallery/17.jpg]
[pixinvent.com/apex-angular-4-bootstrap-admin-template/html-demo-5/app-assets/img/gallery/21.jpg]
[pixinvent.com/apex-angular-4-bootstrap-admin-template/html-demo-5/app-assets/img/gallery/27.jpg]
[pixinvent.com/apex-angular-4-bootstrap-admin-template/html-demo-5/app-assets/img/gallery/29.jpg]
[pixinvent.com/apex-angular-4-bootstrap-admin-template/html-demo-5/app-assets/img/gallery/32.jpg]
[pixinvent.com/apex-angular-4-bootstrap-admin-template/html-demo-5/app-assets/vendors/js/cropper.min.js]
[pixinvent.com/apex-angular-4-bootstrap-admin-template/html-demo-5/app-assets/js/image-cropper.js]
[pixinvent.com/apex-angular-4-bootstrap-admin-template/html-demo-5/image-cropper.html]
[pixinvent.com/apex-angular-4-bootstrap-admin-template/html-demo-5/app-assets/vendors/js/tagging.min.js]
[pixinvent.com/apex-angular-4-bootstrap-admin-template/html-demo-5/app-assets/js/tagging.js]
[pixinvent.com/apex-angular-4-bootstrap-admin-template/html-demo-5/tags-input.html]
[pixinvent.com/apex-angular-4-bootstrap-admin-template/html-demo-5/app-assets/vendors/js/switchery.min.js]
[pixinvent.com/apex-angular-4-bootstrap-admin-template/html-demo-5/app-assets/js/switch.min.js]
[pixinvent.com/apex-angular-4-bootstrap-admin-template/html-demo-5/switch.html]
[pixinvent.com/apex-angular-4-bootstrap-admin-template/html-demo-5/inputs.html]
[pixinvent.com/apex-angular-4-bootstrap-admin-template/html-demo-5/input-groups.html]
[pixinvent.com/apex-angular-4-bootstrap-admin-template/html-demo-5/input-grid.html]
[pixinvent.com/apex-angular-4-bootstrap-admin-template/html-demo-5/basic-forms.html]
[pixinvent.com/apex-angular-4-bootstrap-admin-template/html-demo-5/horizontal-forms.html]
[pixinvent.com/apex-angular-4-bootstrap-admin-template/html-demo-5/hidden-labels.html]
[pixinvent.com/apex-angular-4-bootstrap-admin-template/html-demo-5/form-actions.html]
[pixinvent.com/apex-angular-4-bootstrap-admin-template/html-demo-5/bordered-forms.html]
[pixinvent.com/apex-angular-4-bootstrap-admin-template/html-demo-5/striped-rows.html]
[pixinvent.com/apex-angular-4-bootstrap-admin-template/html-demo-5/app-assets/vendors/js/jqBootstrapValidation.js]
[pixinvent.com/apex-angular-4-bootstrap-admin-template/html-demo-5/app-assets/js/form-validation.js]
[pixinvent.com/apex-angular-4-bootstrap-admin-template/html-demo-5/validation-forms.html]
[pixinvent.com/apex-angular-4-bootstrap-admin-template/html-demo-5/app-assets/vendors/js/jquery.steps.min.js]
[pixinvent.com/apex-angular-4-bootstrap-admin-template/html-demo-5/app-assets/vendors/js/jquery.validate.min.js]
[pixinvent.com/apex-angular-4-bootstrap-admin-template/html-demo-5/app-assets/js/wizard-steps.js]
[pixinvent.com/apex-angular-4-bootstrap-admin-template/html-demo-5/wizard-forms.html]
[pixinvent.com/apex-angular-4-bootstrap-admin-template/html-demo-5/regular-table.html]
[pixinvent.com/apex-angular-4-bootstrap-admin-template/html-demo-5/extended-table.html]
[pixinvent.com/apex-angular-4-bootstrap-admin-template/html-demo-5/app-assets/vendors/js/datatable/datatables.min.js]
[pixinvent.com/apex-angular-4-bootstrap-admin-template/html-demo-5/app-assets/js/data-tables/datatable-basic.js]
[pixinvent.com/apex-angular-4-bootstrap-admin-template/html-demo-5/dt-basic-initialization.html]
[pixinvent.com/apex-angular-4-bootstrap-admin-template/html-demo-5/app-assets/vendors/js/datatable/dataTables.buttons.min.js]
[pixinvent.com/apex-angular-4-bootstrap-admin-template/html-demo-5/app-assets/vendors/js/datatable/buttons.flash.min.js]
[pixinvent.com/apex-angular-4-bootstrap-admin-template/html-demo-5/app-assets/vendors/js/datatable/jszip.min.js]
[pixinvent.com/apex-angular-4-bootstrap-admin-template/html-demo-5/app-assets/vendors/js/datatable/pdfmake.min.js]
[pixinvent.com/apex-angular-4-bootstrap-admin-template/html-demo-5/app-assets/vendors/js/datatable/vfs_fonts.js]
[pixinvent.com/apex-angular-4-bootstrap-admin-template/html-demo-5/app-assets/vendors/js/datatable/buttons.html5.min.js]
[pixinvent.com/apex-angular-4-bootstrap-admin-template/html-demo-5/app-assets/vendors/js/datatable/buttons.print.min.js]
[pixinvent.com/apex-angular-4-bootstrap-admin-template/html-demo-5/app-assets/js/data-tables/datatable-advanced.js]
[pixinvent.com/apex-angular-4-bootstrap-admin-template/html-demo-5/dt-advanced-initialization.html]
[pixinvent.com/apex-angular-4-bootstrap-admin-template/html-demo-5/app-assets/js/data-tables/datatable-styling.js]
[pixinvent.com/apex-angular-4-bootstrap-admin-template/html-demo-5/dt-styling.html]
[pixinvent.com/apex-angular-4-bootstrap-admin-template/html-demo-5/app-assets/js/data-tables/datatables-sources.js]
[pixinvent.com/apex-angular-4-bootstrap-admin-template/html-demo-5/dt-data-sources.html]
[pixinvent.com/apex-angular-4-bootstrap-admin-template/html-demo-5/app-assets/vendors/js/datatable/dataTables.responsive.min.js]
[pixinvent.com/apex-angular-4-bootstrap-admin-template/html-demo-5/app-assets/js/data-tables/datatable-api.js]
[pixinvent.com/apex-angular-4-bootstrap-admin-template/html-demo-5/dt-api.html]
[pixinvent.com/apex-angular-4-bootstrap-admin-template/html-demo-5/app-assets/img/photos/14.jpg]
[pixinvent.com/apex-angular-4-bootstrap-admin-template/html-demo-5/basic-cards.html]
[pixinvent.com/apex-angular-4-bootstrap-admin-template/html-demo-5/app-assets/img/photos/15.jpg]
[pixinvent.com/apex-angular-4-bootstrap-admin-template/html-demo-5/app-assets/img/photos/weather-2.png]
[pixinvent.com/apex-angular-4-bootstrap-admin-template/html-demo-5/app-assets/img/elements/06.png]
[pixinvent.com/apex-angular-4-bootstrap-admin-template/html-demo-5/app-assets/img/elements/04.png]
[pixinvent.com/apex-angular-4-bootstrap-admin-template/html-demo-5/advanced-cards.html]
[pixinvent.com/apex-angular-4-bootstrap-admin-template/html-demo-5/app-assets/vendors/js/gmaps.min.js]
[pixinvent.com/apex-angular-4-bootstrap-admin-template/html-demo-5/google-map.html]
[pixinvent.com/apex-angular-4-bootstrap-admin-template/html-demo-5/app-assets/js/maps.js]
[pixinvent.com/apex-angular-4-bootstrap-admin-template/html-demo-5/app-assets/vendors/js/chart.min.js]
[pixinvent.com/apex-angular-4-bootstrap-admin-template/html-demo-5/app-assets/js/chartjs.js]
[pixinvent.com/apex-angular-4-bootstrap-admin-template/html-demo-5/chartjs.html]
[pixinvent.com/apex-angular-4-bootstrap-admin-template/html-demo-5/app-assets/js/chartist.js]
[pixinvent.com/apex-angular-4-bootstrap-admin-template/html-demo-5/chartist.html]
[pixinvent.com/apex-angular-4-bootstrap-admin-template/html-demo-5/app-assets/vendors/js/moment.min.js]
[pixinvent.com/apex-angular-4-bootstrap-admin-template/html-demo-5/app-assets/vendors/js/fullcalendar.min.js]
[pixinvent.com/apex-angular-4-bootstrap-admin-template/html-demo-5/app-assets/vendors/js/jquery-ui.min.js]
[pixinvent.com/apex-angular-4-bootstrap-admin-template/html-demo-5/app-assets/js/fullcalendar.js]
[pixinvent.com/apex-angular-4-bootstrap-admin-template/html-demo-5/calendar.html]
[pixinvent.com/apex-angular-4-bootstrap-admin-template/html-demo-5/forgot-password-page.html]
[pixinvent.com/apex-angular-4-bootstrap-admin-template/html-demo-5/app-assets/js/horizontal-timeline.min.js]
[pixinvent.com/apex-angular-4-bootstrap-admin-template/html-demo-5/horizontal-timeline-page.html]
[pixinvent.com/apex-angular-4-bootstrap-admin-template/html-demo-5/app-assets/img/gallery/2.jpg]
[pixinvent.com/apex-angular-4-bootstrap-admin-template/html-demo-5/app-assets/img/gallery/4.jpg]
[pixinvent.com/apex-angular-4-bootstrap-admin-template/html-demo-5/app-assets/img/gallery/6.jpg]
[pixinvent.com/apex-angular-4-bootstrap-admin-template/html-demo-5/app-assets/img/gallery/8.jpg]
[pixinvent.com/apex-angular-4-bootstrap-admin-template/html-demo-5/app-assets/img/gallery/9.jpg]
[pixinvent.com/apex-angular-4-bootstrap-admin-template/html-demo-5/app-assets/img/gallery/10.jpg]
[pixinvent.com/apex-angular-4-bootstrap-admin-template/html-demo-5/app-assets/img/gallery/11.jpg]
[pixinvent.com/apex-angular-4-bootstrap-admin-template/html-demo-5/app-assets/img/gallery/12.jpg]
[pixinvent.com/apex-angular-4-bootstrap-admin-template/html-demo-5/vertical-timeline-page.html]
[pixinvent.com/apex-angular-4-bootstrap-admin-template/html-demo-5/app-assets/img/portrait/avatars/avatar-08.png]
[pixinvent.com/apex-angular-4-bootstrap-admin-template/html-demo-5/login-page.html]
[pixinvent.com/apex-angular-4-bootstrap-admin-template/html-demo-5/app-assets/img/elements/13.png]
[pixinvent.com/apex-angular-4-bootstrap-admin-template/html-demo-5/register-page.html]
[pixinvent.com/apex-angular-4-bootstrap-admin-template/html-demo-5/app-assets/img/portrait/small/avatar-s-16.png]
[pixinvent.com/apex-angular-4-bootstrap-admin-template/html-demo-5/app-assets/img/gallery/13.jpg]
[pixinvent.com/apex-angular-4-bootstrap-admin-template/html-demo-5/app-assets/img/gallery/16.jpg]
[pixinvent.com/apex-angular-4-bootstrap-admin-template/html-demo-5/user-profile-page.html]
[pixinvent.com/apex-angular-4-bootstrap-admin-template/html-demo-5/app-assets/img/portrait/avatars/avatar-03.png]
[pixinvent.com/apex-angular-4-bootstrap-admin-template/html-demo-5/lock-screen-page.html]
[pixinvent.com/apex-angular-4-bootstrap-admin-template/html-demo-5/app-assets/img/logos/logo-big-black.png]
[pixinvent.com/apex-angular-4-bootstrap-admin-template/html-demo-5/invoice-page.html]
[pixinvent.com/apex-angular-4-bootstrap-admin-template/html-demo-5/app-assets/img/pages/signature-scan.png]
[pixinvent.com/apex-angular-4-bootstrap-admin-template/html-demo-5/app-assets/img/portrait/avatars/avatar-10.png]
[pixinvent.com/apex-angular-4-bootstrap-admin-template/html-demo-5/error-page.html]
[pixinvent.com/apex-angular-4-bootstrap-admin-template/html-demo-5/app-assets/img/logos/logo-big-white.png]
[pixinvent.com/apex-angular-4-bootstrap-admin-template/html-demo-5/app-assets/vendors/js/jquery.countdown.min.js]
[pixinvent.com/apex-angular-4-bootstrap-admin-template/html-demo-5/app-assets/js/coming-soon.js]
[pixinvent.com/apex-angular-4-bootstrap-admin-template/html-demo-5/coming-soon-page.html]
[pixinvent.com/apex-angular-4-bootstrap-admin-template/html-demo-5/app-assets/img/logos/logo-color-big.png]
[pixinvent.com/apex-angular-4-bootstrap-admin-template/html-demo-5/maintenance-page.html]
[pixinvent.com/apex-angular-4-bootstrap-admin-template/html-demo-5/app-assets/img/gallery/25.jpg]
[pixinvent.com/apex-angular-4-bootstrap-admin-template/html-demo-5/app-assets/img/gallery/26.jpg]
[pixinvent.com/apex-angular-4-bootstrap-admin-template/html-demo-5/app-assets/img/gallery/18.jpg]
[pixinvent.com/apex-angular-4-bootstrap-admin-template/html-demo-5/app-assets/img/gallery/19.jpg]
[pixinvent.com/apex-angular-4-bootstrap-admin-template/html-demo-5/gallery-page.html]
[pixinvent.com/apex-angular-4-bootstrap-admin-template/html-demo-5/app-assets/img/gallery/20.jpg]
[pixinvent.com/apex-angular-4-bootstrap-admin-template/html-demo-5/app-assets/fonts/feather/fonts/feather2467.svg]
[pixinvent.com/apex-angular-4-bootstrap-admin-template/html-demo-5/app-assets/fonts/simple-line-icons/fonts/Simple-Line-Icons.svg]
[pixinvent.com/apex-angular-4-bootstrap-admin-template/html-demo-5/app-assets/fonts/weathericons/weathericons-regular-webfont.svg]
[pixinvent.com/apex-angular-4-bootstrap-admin-template/html-demo-5/app-assets/img/svg/cd-arrow.svg]
[pixinvent.com/apex-angular-4-bootstrap-admin-template/html-demo-5/app-assets/vendors/css/dragula.min.css]
[pixinvent.com/apex-angular-4-bootstrap-admin-template/html-demo-5/color-palettes.html]
[pixinvent.com/apex-angular-4-bootstrap-admin-template/html-demo-5/app-assets/vendors/css/pickadate/pickadate.css]
[pixinvent.com/apex-angular-4-bootstrap-admin-template/html-demo-5/app-assets/vendors/css/sweetalert2.min.css]
[pixinvent.com/apex-angular-4-bootstrap-admin-template/html-demo-5/app-assets/vendors/css/toastr.css]
[pixinvent.com/apex-angular-4-bootstrap-admin-template/html-demo-5/app-assets/vendors/css/nouislider.min.css]
[pixinvent.com/apex-angular-4-bootstrap-admin-template/html-demo-5/app-assets/vendors/css/dropzone.min.css]
[pixinvent.com/apex-angular-4-bootstrap-admin-template/html-demo-5/app-assets/css/plugins/file-uploaders/dropzone.html]
[pixinvent.com/apex-angular-4-bootstrap-admin-template/html-demo-5/app-assets/vendors/css/fonts/KaTeX_AMS-Regular.eot]
[pixinvent.com/apex-angular-4-bootstrap-admin-template/html-demo-5/app-assets/vendors/css/fonts/KaTeX_AMS-Regular.12b.delayed]
[pixinvent.com/apex-angular-4-bootstrap-admin-template/html-demo-5/app-assets/vendors/css/fonts/KaTeX_AMS-Regular.12c.delayed]
[pixinvent.com/apex-angular-4-bootstrap-admin-template/html-demo-5/app-assets/vendors/css/fonts/KaTeX_AMS-Regular.12d.delayed]
[pixinvent.com/apex-angular-4-bootstrap-admin-template/html-demo-5/app-assets/vendors/css/fonts/KaTeX_Caligraphic-Bold.eot]
[pixinvent.com/apex-angular-4-bootstrap-admin-template/html-demo-5/app-assets/vendors/css/fonts/KaTeX_Caligraphic-Bold.12f.delayed]
[pixinvent.com/apex-angular-4-bootstrap-admin-template/html-demo-5/app-assets/vendors/css/fonts/KaTeX_Caligraphic-Bold.woff]
[pixinvent.com/apex-angular-4-bootstrap-admin-template/html-demo-5/app-assets/vendors/css/fonts/KaTeX_Caligraphic-Bold.ttf]
[pixinvent.com/apex-angular-4-bootstrap-admin-template/html-demo-5/app-assets/vendors/css/fonts/KaTeX_Caligraphic-Regular.eot]
[pixinvent.com/apex-angular-4-bootstrap-admin-template/html-demo-5/app-assets/vendors/css/fonts/KaTeX_Caligraphic-Regular.woff2]
[pixinvent.com/apex-angular-4-bootstrap-admin-template/html-demo-5/app-assets/vendors/css/fonts/KaTeX_Caligraphic-Regular.woff]
[pixinvent.com/apex-angular-4-bootstrap-admin-template/html-demo-5/app-assets/vendors/css/fonts/KaTeX_Caligraphic-Regular.ttf]
[pixinvent.com/apex-angular-4-bootstrap-admin-template/html-demo-5/app-assets/vendors/css/fonts/KaTeX_Fraktur-Bold.eot]
[pixinvent.com/apex-angular-4-bootstrap-admin-template/html-demo-5/app-assets/vendors/css/fonts/KaTeX_Fraktur-Bold.woff2]
[pixinvent.com/apex-angular-4-bootstrap-admin-template/html-demo-5/app-assets/vendors/css/fonts/KaTeX_Fraktur-Bold.woff]
[pixinvent.com/apex-angular-4-bootstrap-admin-template/html-demo-5/app-assets/vendors/css/fonts/KaTeX_Fraktur-Bold.ttf]
[pixinvent.com/apex-angular-4-bootstrap-admin-template/html-demo-5/app-assets/vendors/css/fonts/KaTeX_Fraktur-Regular.13a.delayed]
[pixinvent.com/apex-angular-4-bootstrap-admin-template/html-demo-5/app-assets/vendors/css/fonts/KaTeX_Fraktur-Regular.woff2]
[pixinvent.com/apex-angular-4-bootstrap-admin-template/html-demo-5/app-assets/vendors/css/fonts/KaTeX_Fraktur-Regular.woff]
[pixinvent.com/apex-angular-4-bootstrap-admin-template/html-demo-5/app-assets/vendors/css/fonts/KaTeX_Fraktur-Regular.ttf]
[pixinvent.com/apex-angular-4-bootstrap-admin-template/html-demo-5/app-assets/vendors/css/fonts/KaTeX_Main-Bold.eot]
[pixinvent.com/apex-angular-4-bootstrap-admin-template/html-demo-5/app-assets/vendors/css/fonts/KaTeX_Main-Bold.woff2]
[pixinvent.com/apex-angular-4-bootstrap-admin-template/html-demo-5/app-assets/vendors/css/fonts/KaTeX_Main-Bold.woff]
[pixinvent.com/apex-angular-4-bootstrap-admin-template/html-demo-5/app-assets/vendors/css/fonts/KaTeX_Main-Bold.ttf]
[pixinvent.com/apex-angular-4-bootstrap-admin-template/html-demo-5/app-assets/vendors/css/fonts/KaTeX_Main-Italic.eot]
[pixinvent.com/apex-angular-4-bootstrap-admin-template/html-demo-5/app-assets/vendors/css/fonts/KaTeX_Main-Italic.woff2]
[pixinvent.com/apex-angular-4-bootstrap-admin-template/html-demo-5/app-assets/vendors/css/fonts/KaTeX_Main-Italic.woff]
[pixinvent.com/apex-angular-4-bootstrap-admin-template/html-demo-5/app-assets/vendors/css/fonts/KaTeX_Main-Italic.ttf]
[pixinvent.com/apex-angular-4-bootstrap-admin-template/html-demo-5/app-assets/vendors/css/fonts/KaTeX_Main-Regular.146.delayed]
[pixinvent.com/apex-angular-4-bootstrap-admin-template/html-demo-5/app-assets/vendors/css/fonts/KaTeX_Main-Regular.woff2]
[pixinvent.com/apex-angular-4-bootstrap-admin-template/html-demo-5/app-assets/vendors/css/fonts/KaTeX_Main-Regular.woff]
[pixinvent.com/apex-angular-4-bootstrap-admin-template/html-demo-5/app-assets/vendors/css/fonts/KaTeX_Main-Regular.ttf]
[pixinvent.com/apex-angular-4-bootstrap-admin-template/html-demo-5/app-assets/vendors/css/fonts/KaTeX_Math-Italic.eot]
[pixinvent.com/apex-angular-4-bootstrap-admin-template/html-demo-5/app-assets/vendors/css/fonts/KaTeX_Math-Italic.woff2]
[pixinvent.com/apex-angular-4-bootstrap-admin-template/html-demo-5/app-assets/vendors/css/fonts/KaTeX_Math-Italic.woff]
[pixinvent.com/apex-angular-4-bootstrap-admin-template/html-demo-5/app-assets/vendors/css/fonts/KaTeX_Math-Italic.ttf]
[pixinvent.com/apex-angular-4-bootstrap-admin-template/html-demo-5/app-assets/vendors/css/fonts/KaTeX_SansSerif-Regular.eot]
[pixinvent.com/apex-angular-4-bootstrap-admin-template/html-demo-5/app-assets/vendors/css/fonts/KaTeX_SansSerif-Regular.woff2]
[pixinvent.com/apex-angular-4-bootstrap-admin-template/html-demo-5/app-assets/vendors/css/fonts/KaTeX_SansSerif-Regular.woff]
[pixinvent.com/apex-angular-4-bootstrap-admin-template/html-demo-5/app-assets/vendors/css/fonts/KaTeX_SansSerif-Regular.ttf]
[pixinvent.com/apex-angular-4-bootstrap-admin-template/html-demo-5/app-assets/vendors/css/fonts/KaTeX_Script-Regular.eot]
[pixinvent.com/apex-angular-4-bootstrap-admin-template/html-demo-5/app-assets/vendors/css/fonts/KaTeX_Script-Regular.woff2]
[pixinvent.com/apex-angular-4-bootstrap-admin-template/html-demo-5/app-assets/vendors/css/fonts/KaTeX_Script-Regular.woff]
[pixinvent.com/apex-angular-4-bootstrap-admin-template/html-demo-5/app-assets/vendors/css/fonts/KaTeX_Script-Regular.ttf]
[pixinvent.com/apex-angular-4-bootstrap-admin-template/html-demo-5/app-assets/vendors/css/fonts/KaTeX_Size1-Regular.eot]
[pixinvent.com/apex-angular-4-bootstrap-admin-template/html-demo-5/app-assets/vendors/css/fonts/KaTeX_Size1-Regular.woff2]
[pixinvent.com/apex-angular-4-bootstrap-admin-template/html-demo-5/app-assets/vendors/css/fonts/KaTeX_Size1-Regular.woff]
[pixinvent.com/apex-angular-4-bootstrap-admin-template/html-demo-5/app-assets/vendors/css/fonts/KaTeX_Size1-Regular.ttf]
[pixinvent.com/apex-angular-4-bootstrap-admin-template/html-demo-5/app-assets/vendors/css/fonts/KaTeX_Size2-Regular.eot]
[pixinvent.com/apex-angular-4-bootstrap-admin-template/html-demo-5/app-assets/vendors/css/fonts/KaTeX_Size2-Regular.woff2]
[pixinvent.com/apex-angular-4-bootstrap-admin-template/html-demo-5/app-assets/vendors/css/fonts/KaTeX_Size2-Regular.15c.delayed]
[pixinvent.com/apex-angular-4-bootstrap-admin-template/html-demo-5/app-assets/vendors/css/fonts/KaTeX_Size2-Regular.ttf]
[pixinvent.com/apex-angular-4-bootstrap-admin-template/html-demo-5/app-assets/vendors/css/fonts/KaTeX_Size3-Regular.eot]
[pixinvent.com/apex-angular-4-bootstrap-admin-template/html-demo-5/app-assets/vendors/css/fonts/KaTeX_Size3-Regular.woff2]
[pixinvent.com/apex-angular-4-bootstrap-admin-template/html-demo-5/app-assets/vendors/css/fonts/KaTeX_Size3-Regular.woff]
[pixinvent.com/apex-angular-4-bootstrap-admin-template/html-demo-5/app-assets/vendors/css/fonts/KaTeX_Size3-Regular.ttf]
[pixinvent.com/apex-angular-4-bootstrap-admin-template/html-demo-5/app-assets/vendors/css/fonts/KaTeX_Size4-Regular.eot]
[pixinvent.com/apex-angular-4-bootstrap-admin-template/html-demo-5/app-assets/vendors/css/fonts/KaTeX_Size4-Regular.woff2]
[pixinvent.com/apex-angular-4-bootstrap-admin-template/html-demo-5/app-assets/vendors/css/fonts/KaTeX_Size4-Regular.woff]
[pixinvent.com/apex-angular-4-bootstrap-admin-template/html-demo-5/app-assets/vendors/css/fonts/KaTeX_Size4-Regular.ttf]
[pixinvent.com/apex-angular-4-bootstrap-admin-template/html-demo-5/app-assets/vendors/css/fonts/KaTeX_Typewriter-Regular.eot]
[pixinvent.com/apex-angular-4-bootstrap-admin-template/html-demo-5/app-assets/vendors/css/fonts/KaTeX_Typewriter-Regular.woff2]
[pixinvent.com/apex-angular-4-bootstrap-admin-template/html-demo-5/app-assets/vendors/css/fonts/KaTeX_Typewriter-Regular.woff]
[pixinvent.com/apex-angular-4-bootstrap-admin-template/html-demo-5/app-assets/vendors/css/fonts/KaTeX_Typewriter-Regular.ttf]
[pixinvent.com/apex-angular-4-bootstrap-admin-template/html-demo-5/app-assets/vendors/css/katex.min.css]
[pixinvent.com/apex-angular-4-bootstrap-admin-template/html-demo-5/app-assets/vendors/css/monokai-sublime.min.css]
[pixinvent.com/apex-angular-4-bootstrap-admin-template/html-demo-5/app-assets/vendors/css/quill.snow.css]
[pixinvent.com/apex-angular-4-bootstrap-admin-template/html-demo-5/app-assets/vendors/css/quill.bubble.css]
[pixinvent.com/apex-angular-4-bootstrap-admin-template/html-demo-5/app-assets/vendors/img/tour/cross.png]
[pixinvent.com/apex-angular-4-bootstrap-admin-template/html-demo-5/app-assets/vendors/css/hopscotch.css]
[pixinvent.com/apex-angular-4-bootstrap-admin-template/html-demo-5/app-assets/vendors/css/tagging.css]
[pixinvent.com/apex-angular-4-bootstrap-admin-template/html-demo-5/app-assets/vendors/css/switchery.min.css]
[pixinvent.com/apex-angular-4-bootstrap-admin-template/html-demo-5/app-assets/vendors/css/wizard.css]
[pixinvent.com/apex-angular-4-bootstrap-admin-template/html-demo-5/app-assets/vendors/css/tables/datatable/datatables.min.css]
[pixinvent.com/apex-angular-4-bootstrap-admin-template/html-demo-5/app-assets/vendors/css/tables/datatable/responsive.dataTables.min.css]
[pixinvent.com/apex-angular-4-bootstrap-admin-template/html-demo-5/app-assets/vendors/css/fullcalendar.min.css]
[pixinvent.com/apex-angular-4-bootstrap-admin-template/html-demo-5/app-assets/vendors/css/fonts/KaTeX_AMS-Regular.html]
[pixinvent.com/apex-angular-4-bootstrap-admin-template/html-demo-5/app-assets/vendors/css/fonts/KaTeX_AMS-Regular-2.html]
[pixinvent.com/apex-angular-4-bootstrap-admin-template/html-demo-5/app-assets/vendors/css/fonts/KaTeX_AMS-Regular-3.html]
[pixinvent.com/apex-angular-4-bootstrap-admin-template/html-demo-5/app-assets/vendors/css/fonts/KaTeX_AMS-Regular-4.html]
[pixinvent.com/apex-angular-4-bootstrap-admin-template/html-demo-5/app-assets/vendors/css/fonts/KaTeX_Caligraphic-Bold.html]
[pixinvent.com/apex-angular-4-bootstrap-admin-template/html-demo-5/app-assets/vendors/css/fonts/KaTeX_Caligraphic-Bold-2.html]
[pixinvent.com/apex-angular-4-bootstrap-admin-template/html-demo-5/app-assets/vendors/css/fonts/KaTeX_Caligraphic-Bold-3.html]
[pixinvent.com/apex-angular-4-bootstrap-admin-template/html-demo-5/app-assets/vendors/css/fonts/KaTeX_Caligraphic-Bold-4.html]
[pixinvent.com/apex-angular-4-bootstrap-admin-template/html-demo-5/app-assets/vendors/css/fonts/KaTeX_Caligraphic-Regular.html]
[pixinvent.com/apex-angular-4-bootstrap-admin-template/html-demo-5/app-assets/vendors/css/fonts/KaTeX_Caligraphic-Regular-2.html]
[pixinvent.com/apex-angular-4-bootstrap-admin-template/html-demo-5/app-assets/vendors/css/fonts/KaTeX_Caligraphic-Regular-3.html]
[pixinvent.com/apex-angular-4-bootstrap-admin-template/html-demo-5/app-assets/vendors/css/fonts/KaTeX_Caligraphic-Regular-4.html]
[pixinvent.com/apex-angular-4-bootstrap-admin-template/html-demo-5/app-assets/vendors/css/fonts/KaTeX_Fraktur-Bold.html]
[pixinvent.com/apex-angular-4-bootstrap-admin-template/html-demo-5/app-assets/vendors/css/fonts/KaTeX_Fraktur-Bold-2.html]
[pixinvent.com/apex-angular-4-bootstrap-admin-template/html-demo-5/app-assets/vendors/css/fonts/KaTeX_Fraktur-Bold-3.html]
[pixinvent.com/apex-angular-4-bootstrap-admin-template/html-demo-5/app-assets/vendors/css/fonts/KaTeX_Fraktur-Bold-4.html]
[pixinvent.com/apex-angular-4-bootstrap-admin-template/html-demo-5/app-assets/vendors/css/fonts/KaTeX_Fraktur-Regular.html]
[pixinvent.com/apex-angular-4-bootstrap-admin-template/html-demo-5/app-assets/vendors/css/fonts/KaTeX_Fraktur-Regular-2.html]
[pixinvent.com/apex-angular-4-bootstrap-admin-template/html-demo-5/app-assets/vendors/css/fonts/KaTeX_Fraktur-Regular-3.html]
[pixinvent.com/apex-angular-4-bootstrap-admin-template/html-demo-5/app-assets/vendors/css/fonts/KaTeX_Fraktur-Regular-4.html]
[pixinvent.com/apex-angular-4-bootstrap-admin-template/html-demo-5/app-assets/vendors/css/fonts/KaTeX_Main-Bold.html]
[pixinvent.com/apex-angular-4-bootstrap-admin-template/html-demo-5/app-assets/vendors/css/fonts/KaTeX_Main-Bold-2.html]
[pixinvent.com/apex-angular-4-bootstrap-admin-template/html-demo-5/app-assets/vendors/css/fonts/KaTeX_Main-Bold-3.html]
[pixinvent.com/apex-angular-4-bootstrap-admin-template/html-demo-5/app-assets/vendors/css/fonts/KaTeX_Main-Bold-4.html]
[pixinvent.com/apex-angular-4-bootstrap-admin-template/html-demo-5/app-assets/vendors/css/fonts/KaTeX_Main-Italic.html]
[pixinvent.com/apex-angular-4-bootstrap-admin-template/html-demo-5/app-assets/vendors/css/fonts/KaTeX_Main-Italic-2.html]
[pixinvent.com/apex-angular-4-bootstrap-admin-template/html-demo-5/app-assets/vendors/css/fonts/KaTeX_Main-Italic-3.html]
[pixinvent.com/apex-angular-4-bootstrap-admin-template/html-demo-5/app-assets/vendors/css/fonts/KaTeX_Main-Italic-4.html]
[pixinvent.com/apex-angular-4-bootstrap-admin-template/html-demo-5/app-assets/vendors/css/fonts/KaTeX_Main-Regular.html]
[pixinvent.com/apex-angular-4-bootstrap-admin-template/html-demo-5/app-assets/vendors/css/fonts/KaTeX_Main-Regular-2.html]
[pixinvent.com/apex-angular-4-bootstrap-admin-template/html-demo-5/app-assets/vendors/css/fonts/KaTeX_Main-Regular-3.html]
[pixinvent.com/apex-angular-4-bootstrap-admin-template/html-demo-5/app-assets/vendors/css/fonts/KaTeX_Math-Italic.html]
[pixinvent.com/apex-angular-4-bootstrap-admin-template/html-demo-5/app-assets/vendors/css/fonts/KaTeX_Math-Italic-2.html]
[pixinvent.com/apex-angular-4-bootstrap-admin-template/html-demo-5/app-assets/vendors/css/fonts/KaTeX_Math-Italic-3.html]
[pixinvent.com/apex-angular-4-bootstrap-admin-template/html-demo-5/app-assets/vendors/css/fonts/KaTeX_SansSerif-Regular.html]
[pixinvent.com/apex-angular-4-bootstrap-admin-template/html-demo-5/app-assets/vendors/css/fonts/KaTeX_SansSerif-Regular-2.html]
[pixinvent.com/apex-angular-4-bootstrap-admin-template/html-demo-5/app-assets/vendors/css/fonts/KaTeX_SansSerif-Regular-3.html]
[pixinvent.com/apex-angular-4-bootstrap-admin-template/html-demo-5/app-assets/vendors/css/fonts/KaTeX_SansSerif-Regular-4.html]
[pixinvent.com/apex-angular-4-bootstrap-admin-template/html-demo-5/app-assets/vendors/css/fonts/KaTeX_Script-Regular.html]
[pixinvent.com/apex-angular-4-bootstrap-admin-template/html-demo-5/app-assets/vendors/css/fonts/KaTeX_Script-Regular-2.html]
[pixinvent.com/apex-angular-4-bootstrap-admin-template/html-demo-5/app-assets/vendors/css/fonts/KaTeX_Script-Regular-3.html]
[pixinvent.com/apex-angular-4-bootstrap-admin-template/html-demo-5/app-assets/vendors/css/fonts/KaTeX_Script-Regular-4.html]
[pixinvent.com/apex-angular-4-bootstrap-admin-template/html-demo-5/app-assets/vendors/css/fonts/KaTeX_Size1-Regular.html]
[pixinvent.com/apex-angular-4-bootstrap-admin-template/html-demo-5/app-assets/vendors/css/fonts/KaTeX_Size1-Regular-2.html]
[pixinvent.com/apex-angular-4-bootstrap-admin-template/html-demo-5/app-assets/vendors/css/fonts/KaTeX_Size1-Regular-3.html]
[pixinvent.com/apex-angular-4-bootstrap-admin-template/html-demo-5/app-assets/vendors/css/fonts/KaTeX_Size1-Regular-4.html]
[pixinvent.com/apex-angular-4-bootstrap-admin-template/html-demo-5/app-assets/vendors/css/fonts/KaTeX_Size2-Regular.html]
[pixinvent.com/apex-angular-4-bootstrap-admin-template/html-demo-5/app-assets/vendors/css/fonts/KaTeX_Size2-Regular-2.html]
[pixinvent.com/apex-angular-4-bootstrap-admin-template/html-demo-5/app-assets/vendors/css/fonts/KaTeX_Size2-Regular-3.html]
[pixinvent.com/apex-angular-4-bootstrap-admin-template/html-demo-5/app-assets/vendors/css/fonts/KaTeX_Size2-Regular-4.html]
[pixinvent.com/apex-angular-4-bootstrap-admin-template/html-demo-5/app-assets/vendors/css/fonts/KaTeX_Size3-Regular.html]
[pixinvent.com/apex-angular-4-bootstrap-admin-template/html-demo-5/app-assets/vendors/css/fonts/KaTeX_Size3-Regular-2.html]
[pixinvent.com/apex-angular-4-bootstrap-admin-template/html-demo-5/app-assets/vendors/css/fonts/KaTeX_Size3-Regular-3.html]
[pixinvent.com/apex-angular-4-bootstrap-admin-template/html-demo-5/app-assets/vendors/css/fonts/KaTeX_Size3-Regular-4.html]
[pixinvent.com/apex-angular-4-bootstrap-admin-template/html-demo-5/app-assets/vendors/css/fonts/KaTeX_Size4-Regular.html]
[pixinvent.com/apex-angular-4-bootstrap-admin-template/html-demo-5/app-assets/vendors/css/fonts/KaTeX_Size4-Regular-2.html]
[pixinvent.com/apex-angular-4-bootstrap-admin-template/html-demo-5/app-assets/vendors/css/fonts/KaTeX_Size4-Regular-3.html]
[pixinvent.com/apex-angular-4-bootstrap-admin-template/html-demo-5/app-assets/vendors/css/fonts/KaTeX_Size4-Regular-4.html]
[pixinvent.com/apex-angular-4-bootstrap-admin-template/html-demo-5/app-assets/vendors/css/fonts/KaTeX_Typewriter-Regular.html]
[pixinvent.com/apex-angular-4-bootstrap-admin-template/html-demo-5/app-assets/vendors/css/fonts/KaTeX_Typewriter-Regular-2.html]
[pixinvent.com/apex-angular-4-bootstrap-admin-template/html-demo-5/app-assets/vendors/css/fonts/KaTeX_Typewriter-Regular-3.html]
[pixinvent.com/apex-angular-4-bootstrap-admin-template/html-demo-5/app-assets/vendors/css/fonts/KaTeX_Typewriter-Regular-4.html]
[pixinvent.com/apex-angular-4-bootstrap-admin-template/html-demo-5/app-assets/vendors/img/tour/cross.html]
